BEGIN:VCALENDAR
VERSION:2.0
PRODID:Spatie calendar-links
BEGIN:VEVENT
UID:94ab75add84a67c019eae57539658036
SUMMARY:Birthday
DTSTAMP:20180201T090000Z
DTSTART:20180201T090000Z
DTEND:20180201T180000Z
DESCRIPTION:With balloons\, clowns and stuff\nBring a dog\, bring a frog
LOCATION:Party Lane 1A\, 1337 Funtown
BEGIN:VALARM
ACTION:DISPLAY
DESCRIPTION:Party with balloons and cake!
TRIGGER;VALUE=DATE-TIME:20180201T081500Z
END:VALARM
END:VEVENT
END:VCALENDAR