https://outlook.office.com/calendar/deeplink/compose?path=/calendar/action/compose&rru=addevent&startdt=2019-12-31T23:00:00Z&enddt=2020-01-01T01:00:00Z&subject=New%26%2332%3BYear&body=With%26%2332%3Bballoons%2C%26%2332%3Bclowns%26%2332%3Band%26%2332%3Bstuff%26%2332%3BBring%26%2332%3Ba%26%2332%3Bdog%2C%26%2332%3Bbring%26%2332%3Ba%26%2332%3Bfrog&location=Party+Lane+1A%2C+1337+Funtown