https://outlook.office.com/calendar/deeplink/compose?path=/calendar/action/compose&rru=addevent&startdt=2018-02-01&enddt=2018-02-02&allday=true&subject=Birthday&body=With%26%2332%3Bballoons%2C%26%2332%3Bclowns%26%2332%3Band%26%2332%3Bstuff%26%2332%3BBring%26%2332%3Ba%26%2332%3Bdog%2C%26%2332%3Bbring%26%2332%3Ba%26%2332%3Bfrog&location=Party+Lane+1A%2C+1337+Funtown